
> drishiq@1.0.0 build
> next build

Γ£à Next.js config loaded!
node.exe :  ΓÜá `experimental.typedRoutes` has been moved to `typedRoutes`. 
Please update your next.config.js file accordingly.
At C:\Program Files\nodejs\npm.ps1:29 char:3
+   & $NODE_EXE $NPM_CLI_JS $args
+   ~~~~~~~~~~~~~~~~~~~~~~~~~~~~~
    + CategoryInfo          : NotSpecified: ( ΓÜá `experimen...le accordingly. 
   :String) [], RemoteException
    + FullyQualifiedErrorId : NativeCommandError
 
   Γû▓ Next.js 15.5.6
   - Environments: .env.local
   - Experiments (use with caution):
     Γ¿» typedRoutes

   Creating an optimized production build ...
Γ£à Webpack config called!
Γ£à Webpack config called!
Γ£à Webpack config called!
 ΓÜá Compiled with warnings in 42s

./lib/ddsa/stage-registry.ts
Critical dependency: the request of a dependency is an expression

Import trace for requested module:
./lib/ddsa/stage-registry.ts
./lib/ddsa/getNextStageMessage.ts
./app/api/debug/greeting-status/route.ts

   Skipping validation of types
   Skipping linting
   Collecting page data ...
strict mode: use allowUnionTypes to allow union type keyword at 
"#/properties/actions/items/properties/metric" (strictTypes)
   Generating static pages (0/226) ...
strict mode: use allowUnionTypes to allow union type keyword at 
"#/properties/actions/items/properties/metric" (strictTypes)
   Generating static pages (56/226) 
   Generating static pages (112/226) 
   Generating static pages (169/226) 
 Γ£ô Generating static pages (226/226)
   Finalizing page optimization ...
   Collecting build traces ...

Route (app)                                                    Size  First Load JS  Revalidate  Expire
Γöî ╞Æ /                                                         10 kB         117 kB
Γö£ ╞Æ /_not-found                                               422 B         102 kB
Γö£ ╞Æ /[lang]                                                 2.29 kB         104 kB
Γö£ ╞Æ /admin                                                  4.41 kB         106 kB
Γö£ ╞Æ /admin/ads                                              2.23 kB         169 kB
Γö£ ╞Æ /admin/affiliate                                          762 B         103 kB
Γö£ ╞Æ /admin/analytics                                         3.4 kB         170 kB
Γö£ ╞Æ /admin/api-configuration                                5.97 kB         160 kB
Γö£ ╞Æ /admin/audit-logs                                       3.33 kB         108 kB
Γö£ ╞Æ /admin/auth-config                                         2 kB         104 kB
Γö£ ╞Æ /admin/banners                                          4.91 kB         107 kB
Γö£ ╞Æ /admin/blog                                               422 B         102 kB
Γö£ ╞Æ /admin/blog-audit                                        3.1 kB         105 kB
Γö£ ╞Æ /admin/blog-management                                  8.96 kB         160 kB
Γö£ ╞Æ /admin/blog-management/edit/[id]                         5.4 kB         172 kB
Γö£ ╞Æ /admin/chat                                             4.53 kB         158 kB
Γö£ ╞Æ /admin/chat/enhanced                                    4.25 kB         158 kB
Γö£ ╞Æ /admin/community-suggestions                            2.85 kB         170 kB
Γö£ ╞Æ /admin/credits                                          3.25 kB         170 kB
Γö£ ╞Æ /admin/dashboard                                        6.08 kB         160 kB
Γö£ ╞Æ /admin/ddsa                                             1.76 kB         104 kB
Γö£ ╞Æ /admin/ddsa/flow                                         3.8 kB         109 kB
Γö£ ╞Æ /admin/ddsa/model-configuration                         3.67 kB         158 kB
Γö£ ╞Æ /admin/ddsa/plan/[thread_id]                            2.18 kB         104 kB
Γö£ ╞Æ /admin/ddsa/thread/[id]                                 1.91 kB         104 kB
Γö£ ╞Æ /admin/ddsa/token-analytics                             4.25 kB         158 kB
Γö£ ╞Æ /admin/ddsa/trace                                       3.16 kB         105 kB
Γö£ ╞Æ /admin/employee                                           627 B         102 kB
Γö£ ╞Æ /admin/forgot-password                                  1.03 kB         103 kB
Γö£ ╞Æ /admin/guest-stories                                     4.6 kB         155 kB
Γö£ ╞Æ /admin/login                                              613 B         102 kB
Γö£ ╞Æ /admin/magic-link                                       1.03 kB         103 kB
Γö£ ╞Æ /admin/orchestrator                                     3.32 kB         108 kB
Γö£ ╞Æ /admin/payments                                          1.9 kB         169 kB
Γö£ ╞Æ /admin/policies                                         3.86 kB         158 kB
Γö£ ╞Æ /admin/requests                                         5.16 kB         107 kB
Γö£ ╞Æ /admin/reset-password                                     624 B         102 kB
Γö£ ╞Æ /admin/seo-dashboard                                    3.75 kB         106 kB
Γö£ ╞Æ /admin/sessions                                           616 B         102 kB
Γö£ ╞Æ /admin/stories                                          2.98 kB         170 kB
Γö£ ╞Æ /admin/super-admin-signin                               4.89 kB         107 kB
Γö£ ╞Æ /api/admin-auth/[...path]                                 422 B         102 kB
Γö£ ╞Æ /api/admin/blog/translate                                 422 B         102 kB
Γö£ ╞Æ /api/admin/blog/translate-chunked                         422 B         102 kB
Γö£ ╞Æ /api/admin/chat                                           422 B         102 kB
Γö£ ╞Æ /api/admin/check-access                                   422 B         102 kB
Γö£ ╞Æ /api/admin/content                                        422 B         102 kB
Γö£ ╞Æ /api/admin/conversation-manager/status                    422 B         102 kB
Γö£ ╞Æ /api/admin/conversation-manager/thread/[threadId]/flow    422 B         102 kB
Γö£ ╞Æ /api/admin/counts                                         422 B         102 kB
Γö£ ╞Æ /api/admin/credits                                        422 B         102 kB
Γö£ ╞Æ /api/admin/ddsa/confirmation/[thread_id]                  422 B         102 kB
Γö£ ╞Æ /api/admin/ddsa/execution-log                             422 B         102 kB
Γö£ ╞Æ /api/admin/ddsa/feature-flags                             422 B         102 kB
Γö£ ╞Æ /api/admin/ddsa/final-plan/[thread_id]                    422 B         102 kB
Γö£ ╞Æ /api/admin/ddsa/flow                                      422 B         102 kB
Γö£ ╞Æ /api/admin/ddsa/report/[thread_id]/download               422 B         102 kB
Γö£ ╞Æ /api/admin/ddsa/report/[thread_id]/generate               422 B         102 kB
Γö£ ╞Æ /api/admin/ddsa/stage/[id]/dry-test                       422 B         102 kB
Γö£ ╞Æ /api/admin/ddsa/stages                                    422 B         102 kB
Γö£ ╞Æ /api/admin/ddsa/stages/[id]                               422 B         102 kB
Γö£ ╞Æ /api/admin/ddsa/stages/[id]/execute                       422 B         102 kB
Γö£ ╞Æ /api/admin/ddsa/stages/reorder                            422 B         102 kB
Γö£ ╞Æ /api/admin/ddsa/thread/[id]/state                         422 B         102 kB
Γö£ ╞Æ /api/admin/ddsa/threads                                   422 B         102 kB
Γö£ ╞Æ /api/admin/ddsa/trace                                     422 B         102 kB
Γö£ ╞Æ /api/admin/guest-stories                                  422 B         102 kB
Γö£ ╞Æ /api/admin/requests                                       422 B         102 kB
Γö£ ╞Æ /api/admin/requests/send-invitation                       422 B         102 kB
Γö£ ╞Æ /api/admin/testimonials-stories/count                     422 B         102 kB
Γö£ ╞Æ /api/admin/testimonials/translate                         422 B         102 kB
Γö£ ╞Æ /api/admin/users                                          422 B         102 kB
Γö£ ╞Æ /api/ai/call-v2                                           422 B         102 kB
Γö£ ╞Æ /api/ai/ddsa-orchestrator                                 422 B         102 kB
Γö£ ╞Æ /api/auth/check-user                                      422 B         102 kB
Γö£ ╞Æ /api/auth/signin                                          422 B         102 kB
Γö£ ╞Æ /api/auth/signup                                          422 B         102 kB
Γö£ ╞Æ /api/auth/verify-email                                    422 B         102 kB
Γö£ ╞Æ /api/auth/verify-phone                                    422 B         102 kB
Γö£ ╞Æ /api/avatar-upload                                        422 B         102 kB
Γö£ ╞Æ /api/banners                                              422 B         102 kB
Γö£ ╞Æ /api/blog/audit                                           422 B         102 kB
Γö£ ╞Æ /api/blog/categories                                      422 B         102 kB
Γö£ ╞Æ /api/blog/featured                                        422 B         102 kB
Γö£ ╞Æ /api/blog/posts                                           422 B         102 kB
Γö£ ╞Æ /api/blog/posts/[slug]                                    422 B         102 kB
Γö£ ╞Æ /api/blog/search                                          422 B         102 kB
Γö£ ╞Æ /api/blog/submit                                          422 B         102 kB
Γö£ ╞Æ /api/challenges                                           422 B         102 kB
Γö£ ╞Æ /api/challenges/json                                      422 B         102 kB
Γö£ ╞Æ /api/chat                                                 422 B         102 kB
Γö£ ╞Æ /api/chat/check-credits                                   422 B         102 kB
Γö£ ╞Æ /api/chat/context                                         422 B         102 kB
Γö£ ╞Æ /api/chat/export-pdf                                      422 B         102 kB
Γö£ ╞Æ /api/chat/messages/[messageId]                            422 B         102 kB
Γö£ ╞Æ /api/chat/pending-session                                 422 B         102 kB
Γö£ ╞Æ /api/community/suggestions                                422 B         102 kB
Γö£ ╞Æ /api/community/suggestions/[id]                           422 B         102 kB
Γö£ ╞Æ /api/conversations/sessions                               422 B         102 kB
Γö£ ╞Æ /api/conversations/sessions/[sessionId]                   422 B         102 kB
Γö£ ╞Æ /api/conversations/sessions/stats                         422 B         102 kB
Γö£ ╞Æ /api/countries/[countryCode]                              422 B         102 kB
Γö£ ╞Æ /api/currency-rates                                       422 B         102 kB
Γö£ ╞Æ /api/currency-rates/[currencyCode]                        422 B         102 kB
Γö£ ╞Æ /api/debug/greeting-preview                               422 B         102 kB
Γö£ ╞Æ /api/debug/greeting-status                                422 B         102 kB
Γö£ ╞Æ /api/debug/upim                                           422 B         102 kB
Γö£ ╞Æ /api/detect-location                                      422 B         102 kB
Γö£ ╞Æ /api/enriched-plan/pdf                                    422 B         102 kB
Γö£ ╞Æ /api/feedback                                             422 B         102 kB
Γö£ ╞Æ /api/generate-pdf                                         422 B         102 kB
Γö£ ╞Æ /api/geocode                                              422 B         102 kB
Γö£ ╞Æ /api/guest-stories/complete-profile                       422 B         102 kB
Γö£ ╞Æ /api/health                                               422 B         102 kB
Γö£ ╞Æ /api/internal/ddsa/approve-claim                          422 B         102 kB
Γö£ ╞Æ /api/internal/ddsa/merge-branches                         422 B         102 kB
Γö£ ╞Æ /api/internal/ddsa/stage/[stage]/progress                 422 B         102 kB
Γö£ ╞Æ /api/internal/ddsa/stage/confirmation/progress            422 B         102 kB
Γö£ ╞Æ /api/internal/ddsa/stage/register                         422 B         102 kB
Γö£ ╞Æ /api/internal/ddsa/toggle-feature-flag                    422 B         102 kB
Γö£ ╞Æ /api/payment/create-session                               422 B         102 kB
Γö£ ╞Æ /api/payment/record-transaction                           422 B         102 kB
Γö£ ╞Æ /api/payment/success                                      422 B         102 kB
Γö£ ╞Æ /api/pricing                                              422 B         102 kB
Γö£ ╞Æ /api/profile                                              422 B         102 kB
Γö£ ╞Æ /api/profile/create-caregiver-recipient                   422 B         102 kB
Γö£ ╞Æ /api/profile/get-for-chat                                 422 B         102 kB
Γö£ ╞Æ /api/profile/save-temporary                               422 B         102 kB
Γö£ ╞Æ /api/profile/unlock-birth                                 422 B         102 kB
Γö£ ╞Æ /api/request/check-phone                                  422 B         102 kB
Γö£ ╞Æ /api/request/check-user                                   422 B         102 kB
Γö£ ╞Æ /api/request/verify-phone                                 422 B         102 kB
Γö£ ╞Æ /api/request/verify-phone-firebase                        422 B         102 kB
Γö£ ╞Æ /api/reset-thread                                         422 B         102 kB
Γö£ ╞Æ /api/seo/dashboard                                        422 B         102 kB
Γö£ ╞Æ /api/sub-ids                                              422 B         102 kB
Γö£ ╞Æ /api/supported-person/create                              422 B         102 kB
Γö£ ╞Æ /api/supported-person/list                                422 B         102 kB
Γö£ ╞Æ /api/tenant                                               422 B         102 kB
Γö£ ╞Æ /api/test-openai                                          422 B         102 kB
Γö£ ╞Æ /api/test-provider                                        422 B         102 kB
Γö£ ╞Æ /api/test-voice                                           422 B         102 kB
Γö£ ╞Æ /api/testimonials                                         422 B         102 kB
Γö£ ╞Æ /api/testimonials-stories/submit                          422 B         102 kB
Γö£ ╞Æ /api/testimonials/auto-translate                          422 B         102 kB
Γö£ ╞Æ /api/testimonials/populate-all                            422 B         102 kB
Γö£ ╞Æ /api/testimonials/populate-existing                       422 B         102 kB
Γö£ ╞Æ /api/testimonials/populate-translations                   422 B         102 kB
Γö£ ╞Æ /api/testimonials/publish                                 422 B         102 kB
Γö£ ╞Æ /api/testimonials/translate                               422 B         102 kB
Γö£ ╞Æ /api/testimonials/translate-all                           422 B         102 kB
Γö£ ╞Æ /api/transcribe                                           422 B         102 kB
Γö£ ╞Æ /api/translate                                            422 B         102 kB
Γö£ ╞Æ /api/tts                                                  422 B         102 kB
Γö£ ╞Æ /api/user-profile                                         422 B         102 kB
Γö£ ╞Æ /api/user/data-deletion                                   422 B         102 kB
Γö£ ╞Æ /api/user/data-export                                     422 B         102 kB
Γö£ ╞Æ /api/user/profile                                         422 B         102 kB
Γö£ ╞Æ /api/webhooks/testimonial-published                       422 B         102 kB
Γö£ ╞Æ /apps/chat                                                44 kB         146 kB
Γö£ ╞Æ /apps/grow/dashboard                                    2.24 kB         153 kB
Γö£ ╞Æ /apps/load-profile                                      4.74 kB         155 kB
Γö£ ╞Æ /apps/mode-selection                                    5.49 kB         107 kB
Γö£ ╞Æ /apps/phone-verification                                4.32 kB         192 kB
Γö£ ╞Æ /apps/user-info                                          4.2 kB         106 kB
Γö£ ╞Æ /auth/callback                                          1.93 kB         153 kB
Γö£ ╞Æ /auth/callback-signin                                   2.26 kB         153 kB
Γö£ ╞Æ /auth/confirm                                           1.39 kB         152 kB
Γö£ ╞Æ /auth/create-password                                   1.85 kB         161 kB
Γö£ ╞Æ /blog                                                   9.65 kB         160 kB
Γö£ ╞Æ /blog-post                                                591 B         102 kB
Γö£ ΓùÅ /blog/[slug]                                            13.5 kB         115 kB
Γö£ ╞Æ /blog/create                                            9.17 kB         160 kB
Γö£ ╞Æ /blog/create-enhanced                                     599 B         102 kB
Γö£ ╞Æ /blog/how-to-build-self-awareness                       3.59 kB         171 kB
Γö£ ╞Æ /blog/mindful-decision-making                           4.28 kB         171 kB
Γö£ ╞Æ /blog/personal-growth-journeys                          3.98 kB         171 kB
Γö£ ╞Æ /blog/submission-confirmation                           4.68 kB         110 kB
Γö£ ╞Æ /community                                              9.91 kB         117 kB
Γö£ ╞Æ /community/suggestions                                  4.26 kB         109 kB
Γö£ ╞Æ /community/suggestions/success                          6.41 kB         151 kB
Γö£ ╞Æ /create-password                                        4.02 kB         155 kB
Γö£ ╞Æ /enterprise                                             3.11 kB         160 kB
Γö£ ╞Æ /enterprise/[id]                                        8.69 kB         163 kB
Γö£ ╞Æ /enterprise/[id]/admin/dashboard                        3.31 kB         154 kB
Γö£ ╞Æ /enterprise/setup                                       2.42 kB         153 kB
Γö£ ╞Æ /forgot-password                                        3.53 kB         154 kB
Γö£ ╞Æ /grow-with-us/affiliates                                4.96 kB         110 kB
Γö£ ╞Æ /grow-with-us/ambassadors                               4.13 kB         109 kB
Γö£ ╞Æ /grow-with-us/collaborators-creators                    4.44 kB         109 kB
Γö£ ╞Æ /grow-with-us/interest                                  5.07 kB         235 kB
Γö£ ╞Æ /grow-with-us/investors                                 4.02 kB         109 kB
Γö£ ╞Æ /grow-with-us/phone-verification                        5.19 kB         143 kB
Γö£ ╞Æ /grow-with-us/promoters                                 4.21 kB         109 kB
Γö£ ╞Æ /grow-with-us/referrals                                 3.97 kB         109 kB
Γö£ ╞Æ /grow-with-us/success                                   5.64 kB         147 kB
Γö£ ╞Æ /intro-video                                            3.91 kB         111 kB
Γö£ ╞Æ /meet-yourself/builder                                  8.53 kB         146 kB
Γö£ ╞Æ /meet-yourself/connector                                8.05 kB         146 kB
Γö£ ╞Æ /meet-yourself/dependent                                8.16 kB         146 kB
Γö£ ╞Æ /meet-yourself/escaper                                  7.61 kB         146 kB
Γö£ ╞Æ /meet-yourself/giver                                    8.02 kB         146 kB
Γö£ ╞Æ /meet-yourself/giving-beyond                            8.09 kB         146 kB
Γö£ ╞Æ /meet-yourself/problem-carrier                          8.34 kB         146 kB
Γö£ ╞Æ /meet-yourself/rebooter                                 8.13 kB         146 kB
Γö£ ╞Æ /meet-yourself/seeker                                   8.33 kB         146 kB
Γö£ ╞Æ /meet-yourself/solo                                     8.22 kB         146 kB
Γö£ ╞Æ /need-support                                           6.91 kB         247 kB
Γö£ ╞Æ /onboarding/phone                                       2.34 kB         153 kB
Γö£ ╞Æ /payment                                                2.89 kB         157 kB
Γö£ ╞Æ /payment-method                                         4.09 kB         106 kB
Γö£ ╞Æ /payment/failure                                        3.64 kB         109 kB
Γö£ ╞Æ /payment/process                                        2.19 kB         169 kB
Γö£ ╞Æ /payment/success                                        5.27 kB         165 kB
Γö£ ╞Æ /payment/thank-you                                      3.63 kB         109 kB
Γö£ ╞Æ /phone-verification                                     8.22 kB         196 kB
Γö£ ╞Æ /priceplan                                               8.4 kB         168 kB
Γö£ ╞Æ /profile                                                8.69 kB         159 kB
Γö£ ╞Æ /qualification-check                                    2.98 kB         110 kB
Γö£ ╞Æ /request                                                9.72 kB         240 kB
Γö£ ╞Æ /request/thank-you                                      3.99 kB         145 kB
Γö£ ╞Æ /reset-password                                           719 B         103 kB
Γö£ ╞Æ /reset-password/sent                                    1.42 kB         109 kB
Γö£ Γùï /robots.txt                                               422 B         102 kB
Γö£ ╞Æ /search                                                 4.99 kB         110 kB
Γö£ ╞Æ /sessions                                                 621 B         102 kB
Γö£ ╞Æ /share-experience                                          8 kB         202 kB
Γö£ ╞Æ /share-experience/thank-you                             3.51 kB         105 kB
Γö£ ╞Æ /signin                                                 6.84 kB         157 kB
Γö£ ╞Æ /signup                                                 6.42 kB         157 kB
Γö£ Γùï /sitemap.xml                                              422 B         102 kB          1h      1y
Γö£ ╞Æ /social-auth/phone                                      1.79 kB         152 kB
Γö£ ╞Æ /support                                                6.57 kB         193 kB
Γö£ ╞Æ /support-payment                                          615 B         102 kB
Γö£ ╞Æ /terms                                                  3.08 kB         105 kB
Γö£ ╞Æ /testimonials                                           9.46 kB         154 kB
Γö£ ╞Æ /testimonials/submit                                    5.74 kB         108 kB
Γö£ ╞Æ /testimonials/submit/success                            3.94 kB         109 kB
Γö£ ╞Æ /unified-sessions                                       5.43 kB         159 kB
Γö£ ╞Æ /user/[slug]                                            8.27 kB         164 kB
Γö£ ╞Æ /user/create-password                                     605 B         102 kB
Γö£ ╞Æ /user/dashboard                                         5.78 kB         162 kB
Γö£ ╞Æ /user/main                                                639 B         102 kB
Γö£ ╞Æ /user/payments                                          2.77 kB         153 kB
Γö£ ╞Æ /user/profile                                           6.94 kB         163 kB
Γö£ ╞Æ /user/profile/settings                                  3.55 kB         154 kB
Γö£ ╞Æ /user/signup                                              598 B         102 kB
Γö£ ╞Æ /user/signup/sent                                       1.24 kB         112 kB
Γöö ╞Æ /video-experience                                       1.97 kB         104 kB
+ First Load JS shared by all                                102 kB
  Γö£ chunks/1255-f04e7a26e145c577.js                         45.4 kB
  Γö£ chunks/4bd1b696-100b9d70ed4e49c1.js                     54.2 kB
  Γöö other shared chunks (total)                             2.22 kB


╞Æ Middleware                                                34.7 kB

Γùï  (Static)   prerendered as static content
ΓùÅ  (SSG)      prerendered as static HTML (uses generateStaticParams)
╞Æ  (Dynamic)  server-rendered on demand

