
> drishiq@1.0.0 build
> next build && node scripts/fix-opennext-nft.js && npm run verify:build

[OK] Next.js config loaded!
   Γû▓ Next.js 15.5.6
   - Environments: .env.local

   Creating an optimized production build ...
[OK] Webpack config called!
[OK] Webpack config called!
[OK] Webpack config called!
node.exe :  ΓÜá Compiled with warnings in 95s
At C:\Program Files\nodejs\npm.ps1:29 char:3
+   & $NODE_EXE $NPM_CLI_JS $args
+   ~~~~~~~~~~~~~~~~~~~~~~~~~~~~~
    + CategoryInfo          : NotSpecified: ( ΓÜá Compiled with warnings in 95 
   s:String) [], RemoteException
    + FullyQualifiedErrorId : NativeCommandError
 

./lib/ddsa/stage-registry.ts
Critical dependency: the request of a dependency is an expression

Import trace for requested module:
./lib/ddsa/stage-registry.ts
./app/api/admin/ddsa/stages/[id]/execute/route.ts

   Skipping validation of types
   Skipping linting
   Collecting page data ...
strict mode: use allowUnionTypes to allow union type keyword at 
"#/properties/actions/items/properties/metric" (strictTypes)
   Generating static pages (0/264) ...
strict mode: use allowUnionTypes to allow union type keyword at 
"#/properties/actions/items/properties/metric" (strictTypes)
   Generating static pages (66/264) 
   Generating static pages (132/264) 
   Generating static pages (198/264) 
 Γ£ô Generating static pages (264/264)

> Build error occurred
[Error: ENOENT: no such file or directory, rename 'C:\drishiq 
1\.next\export\500.html' -> 'C:\drishiq 1\.next\server\pages\500.html'] {
  errno: -4058,
  code: 'ENOENT',
  syscall: 'rename',
  path: 'C:\\drishiq 1\\.next\\export\\500.html',
  dest: 'C:\\drishiq 1\\.next\\server\\pages\\500.html'
}
